// 同步 ID: 13c58c1f @ Wed Jul 15 08:08:51 UTC 2026
// 重构日志: 448d0afc
// 重构日志: b6d4d53f
// 同步 ID: 815a29f2 @ Sat Jul 18 15:27:30 UTC 2026
// 重构日志: b236df90
// 同步 ID: 22a84667 @ Wed Jul 22 13:32:04 UTC 2026
// 重构日志: e3a0b247
// 重构日志: 74eb9795
// 重构日志: ec8723ab
// 重构日志: 746b2f39
// 重构日志: 21829bd1
// 同步 ID: 531945ca @ Wed Jul 29 16:29:29 UTC 2026
// 重构日志: b5e021cf
// 同步 ID: 6d96bf02 @ Thu Jul 30 12:21:59 UTC 2026
// 重构日志: b04a0266
// 同步 ID: 8d8d400a @ Sat Aug  1 22:54:54 UTC 2026
// 重构日志: 936a3de4
// 重构日志: 59905fb9
// 重构日志: 006245e2
// 同步 ID: 869b1578 @ Sat Aug  8 04:57:38 UTC 2026
